Time: 0s
TANK 1: V= 20.00 L, C= 0.30, T= 26.00°C
TANK 2: V= 20.00 L, C= 0.40, T= 20.00°C
PUMP P-11:ON
PUMP P-11:ON
PUMP P12:OFF
PUMP P21:OFF
PUMP P1-1:OFF
PUMP P2-2:OFF
PUMP P-22:OFF
PUMP P-22:OFF
VALVE V-11: OPEN
VALVE V-11: OPEN
VALVE V12: CLOSED
VALVE V21: CLOSED
VALVE V1-1: CLOSED
VALVE V2-2: CLOSED
VALVE V-22: CLOSED
VALVE V-22: CLOSED
HEATER1:OFF
HEATER2:OFF

Time: 1s
TANK 1: V= 46.99 L, C= 0.33, T= 23.09°C
TANK 2: V= 26.99 L, C= 0.44, T= 19.98°C
PUMP P-11:ON
PUMP P-11:ON
PUMP P12:OFF
PUMP P21:OFF
PUMP P1-1:OFF
PUMP P2-2:OFF
PUMP P-22:ON
PUMP P-22:ON
VALVE V-11: OPEN
VALVE V-11: OPEN
VALVE V12: CLOSED
VALVE V21: CLOSED
VALVE V1-1: CLOSED
VALVE V2-2: CLOSED
VALVE V-22: OPEN
VALVE V-22: OPEN
HEATER1:OFF
HEATER2:ON

Time: 2s
TANK 1: V= 73.97 L, C= 0.33, T= 21.74°C
TANK 2: V= 33.98 L, C= 0.46, T= 19.97°C
PUMP P-11:ON
PUMP P-11:ON
PUMP P12:OFF
PUMP P21:OFF
PUMP P1-1:OFF
PUMP P2-2:OFF
PUMP P-22:ON
PUMP P-22:ON
VALVE V-11: OPEN
VALVE V-11: OPEN
VALVE V12: CLOSED
VALVE V21: CLOSED
VALVE V1-1: CLOSED
VALVE V2-2: CLOSED
VALVE V-22: OPEN
VALVE V-22: OPEN
HEATER1:OFF
HEATER2:ON

Time: 3s
TANK 1: V= 100.00 L, C= 0.33, T= 21.95°C
TANK 2: V= 40.96 L, C= 0.47, T= 19.96°C
PUMP P-11:OFF
PUMP P-11:OFF
PUMP P12:OFF
PUMP P21:OFF
PUMP P1-1:OFF
PUMP P2-2:OFF
PUMP P-22:ON
PUMP P-22:ON
VALVE V-11: CLOSED
VALVE V-11: CLOSED
VALVE V12: CLOSED
VALVE V21: CLOSED
VALVE V1-1: CLOSED
VALVE V2-2: CLOSED
VALVE V-22: OPEN
VALVE V-22: OPEN
HEATER1:ON
HEATER2:ON

Time: 4s
TANK 1: V= 99.95 L, C= 0.33, T= 22.16°C
TANK 2: V= 47.94 L, C= 0.48, T= 19.95°C
PUMP P-11:OFF
PUMP P-11:OFF
PUMP P12:OFF
PUMP P21:OFF
PUMP P1-1:OFF
PUMP P2-2:OFF
PUMP P-22:ON
PUMP P-22:ON
VALVE V-11: CLOSED
VALVE V-11: CLOSED
VALVE V12: CLOSED
VALVE V21: CLOSED
VALVE V1-1: CLOSED
VALVE V2-2: CLOSED
VALVE V-22: OPEN
VALVE V-22: OPEN
HEATER1:ON
HEATER2:ON

Time: 5s
TANK 1: V= 99.90 L, C= 0.33, T= 22.37°C
TANK 2: V= 54.92 L, C= 0.49, T= 19.95°C
PUMP P-11:OFF
PUMP P-11:OFF
PUMP P12:OFF
PUMP P21:OFF
PUMP P1-1:OFF
PUMP P2-2:OFF
PUMP P-22:ON
PUMP P-22:ON
VALVE V-11: CLOSED
VALVE V-11: CLOSED
VALVE V12: CLOSED
VALVE V21: CLOSED
VALVE V1-1: CLOSED
VALVE V2-2: CLOSED
VALVE V-22: OPEN
VALVE V-22: OPEN
HEATER1:ON
HEATER2:ON

Time: 6s
TANK 1: V= 99.85 L, C= 0.33, T= 22.58°C
TANK 2: V= 61.89 L, C= 0.50, T= 19.95°C
PUMP P-11:OFF
PUMP P-11:OFF
PUMP P12:OFF
PUMP P21:OFF
PUMP P1-1:OFF
PUMP P2-2:OFF
PUMP P-22:ON
PUMP P-22:ON
VALVE V-11: CLOSED
VALVE V-11: CLOSED
VALVE V12: CLOSED
VALVE V21: CLOSED
VALVE V1-1: CLOSED
VALVE V2-2: CLOSED
VALVE V-22: OPEN
VALVE V-22: OPEN
HEATER1:ON
HEATER2:ON

Time: 7s
TANK 1: V= 99.80 L, C= 0.33, T= 22.79°C
TANK 2: V= 68.86 L, C= 0.50, T= 19.95°C
PUMP P-11:OFF
PUMP P-11:OFF
PUMP P12:OFF
PUMP P21:OFF
PUMP P1-1:OFF
PUMP P2-2:OFF
PUMP P-22:ON
PUMP P-22:ON
VALVE V-11: CLOSED
VALVE V-11: CLOSED
VALVE V12: CLOSED
VALVE V21: CLOSED
VALVE V1-1: CLOSED
VALVE V2-2: CLOSED
VALVE V-22: OPEN
VALVE V-22: OPEN
HEATER1:ON
HEATER2:ON

Time: 8s
TANK 1: V= 99.75 L, C= 0.33, T= 23.00°C
TANK 2: V= 75.82 L, C= 0.51, T= 19.95°C
PUMP P-11:OFF
PUMP P-11:OFF
PUMP P12:OFF
PUMP P21:OFF
PUMP P1-1:OFF
PUMP P2-2:OFF
PUMP P-22:ON
PUMP P-22:ON
VALVE V-11: CLOSED
VALVE V-11: CLOSED
VALVE V12: CLOSED
VALVE V21: CLOSED
VALVE V1-1: CLOSED
VALVE V2-2: CLOSED
VALVE V-22: OPEN
VALVE V-22: OPEN
HEATER1:ON
HEATER2:ON

Time: 9s
TANK 1: V= 99.70 L, C= 0.33, T= 23.22°C
TANK 2: V= 82.78 L, C= 0.51, T= 19.95°C
PUMP P-11:OFF
PUMP P-11:OFF
PUMP P12:OFF
PUMP P21:OFF
PUMP P1-1:OFF
PUMP P2-2:OFF
PUMP P-22:ON
PUMP P-22:ON
VALVE V-11: CLOSED
VALVE V-11: CLOSED
VALVE V12: CLOSED
VALVE V21: CLOSED
VALVE V1-1: CLOSED
VALVE V2-2: CLOSED
VALVE V-22: OPEN
VALVE V-22: OPEN
HEATER1:ON
HEATER2:ON

Time: 10s
TANK 1: V= 99.65 L, C= 0.33, T= 23.43°C
TANK 2: V= 89.74 L, C= 0.51, T= 19.96°C
PUMP P-11:OFF
PUMP P-11:OFF
PUMP P12:OFF
PUMP P21:OFF
PUMP P1-1:OFF
PUMP P2-2:OFF
PUMP P-22:ON
PUMP P-22:ON
VALVE V-11: CLOSED
VALVE V-11: CLOSED
VALVE V12: CLOSED
VALVE V21: CLOSED
VALVE V1-1: CLOSED
VALVE V2-2: CLOSED
VALVE V-22: OPEN
VALVE V-22: OPEN
HEATER1:ON
HEATER2:ON

Time: 11s
TANK 1: V= 99.60 L, C= 0.33, T= 23.64°C
TANK 2: V= 96.70 L, C= 0.52, T= 19.96°C
PUMP P-11:OFF
PUMP P-11:OFF
PUMP P12:OFF
PUMP P21:OFF
PUMP P1-1:OFF
PUMP P2-2:OFF
PUMP P-22:ON
PUMP P-22:ON
VALVE V-11: CLOSED
VALVE V-11: CLOSED
VALVE V12: CLOSED
VALVE V21: CLOSED
VALVE V1-1: CLOSED
VALVE V2-2: CLOSED
VALVE V-22: OPEN
VALVE V-22: OPEN
HEATER1:ON
HEATER2:ON

Time: 12s
TANK 1: V= 99.55 L, C= 0.33, T= 23.64°C
TANK 2: V= 100.00 L, C= 0.52, T= 20.17°C
PUMP P-11:OFF
PUMP P-11:OFF
PUMP P12:OFF
PUMP P21:OFF
PUMP P1-1:OFF
PUMP P2-2:OFF
PUMP P-22:OFF
PUMP P-22:OFF
VALVE V-11: CLOSED
VALVE V-11: CLOSED
VALVE V12: CLOSED
VALVE V21: CLOSED
VALVE V1-1: CLOSED
VALVE V2-2: CLOSED
VALVE V-22: CLOSED
VALVE V-22: CLOSED
HEATER1:OFF
HEATER2:ON

Time: 13s
TANK 1: V= 99.50 L, C= 0.33, T= 23.64°C
TANK 2: V= 99.95 L, C= 0.52, T= 20.38°C
PUMP P-11:OFF
PUMP P-11:OFF
PUMP P12:OFF
PUMP P21:OFF
PUMP P1-1:OFF
PUMP P2-2:OFF
PUMP P-22:OFF
PUMP P-22:OFF
VALVE V-11: CLOSED
VALVE V-11: CLOSED
VALVE V12: CLOSED
VALVE V21: CLOSED
VALVE V1-1: CLOSED
VALVE V2-2: CLOSED
VALVE V-22: CLOSED
VALVE V-22: CLOSED
HEATER1:OFF
HEATER2:ON

Time: 14s
TANK 1: V= 99.45 L, C= 0.33, T= 23.64°C
TANK 2: V= 99.90 L, C= 0.52, T= 20.59°C
PUMP P-11:OFF
PUMP P-11:OFF
PUMP P12:OFF
PUMP P21:OFF
PUMP P1-1:OFF
PUMP P2-2:OFF
PUMP P-22:OFF
PUMP P-22:OFF
VALVE V-11: CLOSED
VALVE V-11: CLOSED
VALVE V12: CLOSED
VALVE V21: CLOSED
VALVE V1-1: CLOSED
VALVE V2-2: CLOSED
VALVE V-22: CLOSED
VALVE V-22: CLOSED
HEATER1:OFF
HEATER2:ON

Time: 15s
TANK 1: V= 99.40 L, C= 0.33, T= 23.64°C
TANK 2: V= 99.85 L, C= 0.52, T= 20.80°C
PUMP P-11:OFF
PUMP P-11:OFF
PUMP P12:OFF
PUMP P21:OFF
PUMP P1-1:OFF
PUMP P2-2:OFF
PUMP P-22:OFF
PUMP P-22:OFF
VALVE V-11: CLOSED
VALVE V-11: CLOSED
VALVE V12: CLOSED
VALVE V21: CLOSED
VALVE V1-1: CLOSED
VALVE V2-2: CLOSED
VALVE V-22: CLOSED
VALVE V-22: CLOSED
HEATER1:OFF
HEATER2:ON

Time: 16s
TANK 1: V= 99.35 L, C= 0.33, T= 23.64°C
TANK 2: V= 99.80 L, C= 0.52, T= 21.01°C
PUMP P-11:OFF
PUMP P-11:OFF
PUMP P12:OFF
PUMP P21:OFF
PUMP P1-1:OFF
PUMP P2-2:OFF
PUMP P-22:OFF
PUMP P-22:OFF
VALVE V-11: CLOSED
VALVE V-11: CLOSED
VALVE V12: CLOSED
VALVE V21: CLOSED
VALVE V1-1: CLOSED
VALVE V2-2: CLOSED
VALVE V-22: CLOSED
VALVE V-22: CLOSED
HEATER1:OFF
HEATER2:ON

Time: 17s
TANK 1: V= 99.30 L, C= 0.33, T= 23.64°C
TANK 2: V= 99.75 L, C= 0.52, T= 21.22°C
PUMP P-11:OFF
PUMP P-11:OFF
PUMP P12:OFF
PUMP P21:OFF
PUMP P1-1:OFF
PUMP P2-2:OFF
PUMP P-22:OFF
PUMP P-22:OFF
VALVE V-11: CLOSED
VALVE V-11: CLOSED
VALVE V12: CLOSED
VALVE V21: CLOSED
VALVE V1-1: CLOSED
VALVE V2-2: CLOSED
VALVE V-22: CLOSED
VALVE V-22: CLOSED
HEATER1:OFF
HEATER2:ON

Time: 18s
TANK 1: V= 99.25 L, C= 0.33, T= 23.64°C
TANK 2: V= 99.70 L, C= 0.52, T= 21.43°C
PUMP P-11:OFF
PUMP P-11:OFF
PUMP P12:OFF
PUMP P21:OFF
PUMP P1-1:OFF
PUMP P2-2:OFF
PUMP P-22:OFF
PUMP P-22:OFF
VALVE V-11: CLOSED
VALVE V-11: CLOSED
VALVE V12: CLOSED
VALVE V21: CLOSED
VALVE V1-1: CLOSED
VALVE V2-2: CLOSED
VALVE V-22: CLOSED
VALVE V-22: CLOSED
HEATER1:OFF
HEATER2:ON

Time: 19s
TANK 1: V= 99.20 L, C= 0.33, T= 23.64°C
TANK 2: V= 99.65 L, C= 0.52, T= 21.65°C
PUMP P-11:OFF
PUMP P-11:OFF
PUMP P12:OFF
PUMP P21:OFF
PUMP P1-1:OFF
PUMP P2-2:OFF
PUMP P-22:OFF
PUMP P-22:OFF
VALVE V-11: CLOSED
VALVE V-11: CLOSED
VALVE V12: CLOSED
VALVE V21: CLOSED
VALVE V1-1: CLOSED
VALVE V2-2: CLOSED
VALVE V-22: CLOSED
VALVE V-22: CLOSED
HEATER1:OFF
HEATER2:ON

Time: 20s
TANK 1: V= 99.15 L, C= 0.33, T= 23.64°C
TANK 2: V= 99.60 L, C= 0.52, T= 21.86°C
PUMP P-11:OFF
PUMP P-11:OFF
PUMP P12:OFF
PUMP P21:OFF
PUMP P1-1:OFF
PUMP P2-2:OFF
PUMP P-22:OFF
PUMP P-22:OFF
VALVE V-11: CLOSED
VALVE V-11: CLOSED
VALVE V12: CLOSED
VALVE V21: CLOSED
VALVE V1-1: CLOSED
VALVE V2-2: CLOSED
VALVE V-22: CLOSED
VALVE V-22: CLOSED
HEATER1:OFF
HEATER2:ON

Time: 21s
TANK 1: V= 99.10 L, C= 0.33, T= 23.64°C
TANK 2: V= 99.55 L, C= 0.52, T= 22.07°C
PUMP P-11:OFF
PUMP P-11:OFF
PUMP P12:OFF
PUMP P21:OFF
PUMP P1-1:OFF
PUMP P2-2:OFF
PUMP P-22:OFF
PUMP P-22:OFF
VALVE V-11: CLOSED
VALVE V-11: CLOSED
VALVE V12: CLOSED
VALVE V21: CLOSED
VALVE V1-1: CLOSED
VALVE V2-2: CLOSED
VALVE V-22: CLOSED
VALVE V-22: CLOSED
HEATER1:OFF
HEATER2:ON

Time: 22s
TANK 1: V= 99.05 L, C= 0.33, T= 23.64°C
TANK 2: V= 99.50 L, C= 0.52, T= 22.28°C
PUMP P-11:OFF
PUMP P-11:OFF
PUMP P12:OFF
PUMP P21:OFF
PUMP P1-1:OFF
PUMP P2-2:OFF
PUMP P-22:OFF
PUMP P-22:OFF
VALVE V-11: CLOSED
VALVE V-11: CLOSED
VALVE V12: CLOSED
VALVE V21: CLOSED
VALVE V1-1: CLOSED
VALVE V2-2: CLOSED
VALVE V-22: CLOSED
VALVE V-22: CLOSED
HEATER1:OFF
HEATER2:ON

Time: 23s
TANK 1: V= 99.00 L, C= 0.33, T= 23.64°C
TANK 2: V= 99.45 L, C= 0.52, T= 22.49°C
PUMP P-11:OFF
PUMP P-11:OFF
PUMP P12:OFF
PUMP P21:OFF
PUMP P1-1:OFF
PUMP P2-2:OFF
PUMP P-22:OFF
PUMP P-22:OFF
VALVE V-11: CLOSED
VALVE V-11: CLOSED
VALVE V12: CLOSED
VALVE V21: CLOSED
VALVE V1-1: CLOSED
VALVE V2-2: CLOSED
VALVE V-22: CLOSED
VALVE V-22: CLOSED
HEATER1:OFF
HEATER2:ON

Time: 24s
TANK 1: V= 98.96 L, C= 0.33, T= 23.64°C
TANK 2: V= 99.40 L, C= 0.52, T= 22.71°C
PUMP P-11:OFF
PUMP P-11:OFF
PUMP P12:OFF
PUMP P21:OFF
PUMP P1-1:OFF
PUMP P2-2:OFF
PUMP P-22:OFF
PUMP P-22:OFF
VALVE V-11: CLOSED
VALVE V-11: CLOSED
VALVE V12: CLOSED
VALVE V21: CLOSED
VALVE V1-1: CLOSED
VALVE V2-2: CLOSED
VALVE V-22: CLOSED
VALVE V-22: CLOSED
HEATER1:OFF
HEATER2:ON

