Time: 0s
TANK 1: V= 0.00 L, C= 0.00
TANK 2: V= 1.00 L, C= 0.50, T= 20.00°C
PUMP P-11:OFF
PUMP P-11:OFF
PUMP P12:OFF
PUMP P21:OFF
PUMP P1-1:OFF
PUMP P2-2:OFF
PUMP P-22:OFF
PUMP P-22:OFF
VALVE V-11: CLOSED
VALVE V-11: CLOSED
VALVE V12: CLOSED
VALVE V21: CLOSED
VALVE V1-1: CLOSED
VALVE V2-2: CLOSED
VALVE V-22: CLOSED
VALVE V-22: CLOSED
HEATER1:OFF
HEATER2:OFF

Time: 1s
TANK 1: V= 15.00 L, C= 0.42, T= 23.00°C
TANK 2: V= 14.00 L, C= 0.69, T= 20.00°C
PUMP P-11:ON
PUMP P-11:OFF
PUMP P12:OFF
PUMP P21:OFF
PUMP P1-1:OFF
PUMP P2-2:OFF
PUMP P-22:ON
PUMP P-22:ON
VALVE V-11: OPEN
VALVE V-11: CLOSED
VALVE V12: CLOSED
VALVE V21: CLOSED
VALVE V1-1: CLOSED
VALVE V2-2: CLOSED
VALVE V-22: OPEN
VALVE V-22: OPEN
HEATER1:OFF
HEATER2:OFF

Time: 2s
TANK 1: V= 21.98 L, C= 0.57, T= 23.00°C
TANK 2: V= 26.99 L, C= 0.40, T= 20.00°C
PUMP P-11:ON
PUMP P-11:OFF
PUMP P12:OFF
PUMP P21:OFF
PUMP P1-1:OFF
PUMP P2-2:OFF
PUMP P-22:OFF
PUMP P-22:ON
VALVE V-11: OPEN
VALVE V-11: CLOSED
VALVE V12: CLOSED
VALVE V21: CLOSED
VALVE V1-1: CLOSED
VALVE V2-2: CLOSED
VALVE V-22: CLOSED
VALVE V-22: OPEN
HEATER1:OFF
HEATER2:OFF

Time: 3s
TANK 1: V= 28.96 L, C= 0.52, T= 23.00°C
TANK 2: V= 29.96 L, C= 0.63, T= 20.00°C
PUMP P-11:OFF
PUMP P-11:ON
PUMP P12:OFF
PUMP P21:OFF
PUMP P1-1:OFF
PUMP P2-2:OFF
PUMP P-22:ON
PUMP P-22:OFF
VALVE V-11: CLOSED
VALVE V-11: OPEN
VALVE V12: CLOSED
VALVE V21: CLOSED
VALVE V1-1: CLOSED
VALVE V2-2: CLOSED
VALVE V-22: OPEN
VALVE V-22: CLOSED
HEATER1:OFF
HEATER2:OFF

Time: 4s
TANK 1: V= 36.93 L, C= 0.47, T= 23.00°C
TANK 2: V= 39.93 L, C= 0.50, T= 20.00°C
PUMP P-11:OFF
PUMP P-11:ON
PUMP P12:OFF
PUMP P21:OFF
PUMP P1-1:OFF
PUMP P2-2:OFF
PUMP P-22:OFF
PUMP P-22:ON
VALVE V-11: CLOSED
VALVE V-11: OPEN
VALVE V12: CLOSED
VALVE V21: CLOSED
VALVE V1-1: CLOSED
VALVE V2-2: CLOSED
VALVE V-22: CLOSED
VALVE V-22: OPEN
HEATER1:OFF
HEATER2:OFF

Time: 5s
TANK 1: V= 44.90 L, C= 0.53, T= 23.00°C
TANK 2: V= 42.89 L, C= 0.50, T= 20.00°C
PUMP P-11:ON
PUMP P-11:OFF
PUMP P12:OFF
PUMP P21:OFF
PUMP P1-1:OFF
PUMP P2-2:OFF
PUMP P-22:OFF
PUMP P-22:ON
VALVE V-11: OPEN
VALVE V-11: CLOSED
VALVE V12: CLOSED
VALVE V21: CLOSED
VALVE V1-1: CLOSED
VALVE V2-2: CLOSED
VALVE V-22: CLOSED
VALVE V-22: OPEN
HEATER1:OFF
HEATER2:OFF

Time: 6s
TANK 1: V= 51.85 L, C= 0.50, T= 23.00°C
TANK 2: V= 45.85 L, C= 0.64, T= 20.00°C
PUMP P-11:OFF
PUMP P-11:ON
PUMP P12:OFF
PUMP P21:OFF
PUMP P1-1:OFF
PUMP P2-2:OFF
PUMP P-22:ON
PUMP P-22:OFF
VALVE V-11: CLOSED
VALVE V-11: OPEN
VALVE V12: CLOSED
VALVE V21: CLOSED
VALVE V1-1: CLOSED
VALVE V2-2: CLOSED
VALVE V-22: OPEN
VALVE V-22: CLOSED
HEATER1:OFF
HEATER2:OFF

Time: 7s
TANK 1: V= 59.80 L, C= 0.48, T= 23.00°C
TANK 2: V= 55.80 L, C= 0.55, T= 20.00°C
PUMP P-11:OFF
PUMP P-11:ON
PUMP P12:OFF
PUMP P21:OFF
PUMP P1-1:OFF
PUMP P2-2:OFF
PUMP P-22:OFF
PUMP P-22:ON
VALVE V-11: CLOSED
VALVE V-11: OPEN
VALVE V12: CLOSED
VALVE V21: CLOSED
VALVE V1-1: CLOSED
VALVE V2-2: CLOSED
VALVE V-22: CLOSED
VALVE V-22: OPEN
HEATER1:OFF
HEATER2:OFF

Time: 8s
TANK 1: V= 67.74 L, C= 0.51, T= 23.00°C
TANK 2: V= 58.74 L, C= 0.54, T= 20.00°C
PUMP P-11:ON
PUMP P-11:OFF
PUMP P12:OFF
PUMP P21:OFF
PUMP P1-1:OFF
PUMP P2-2:OFF
PUMP P-22:OFF
PUMP P-22:ON
VALVE V-11: OPEN
VALVE V-11: CLOSED
VALVE V12: CLOSED
VALVE V21: CLOSED
VALVE V1-1: CLOSED
VALVE V2-2: CLOSED
VALVE V-22: CLOSED
VALVE V-22: OPEN
HEATER1:OFF
HEATER2:OFF

Time: 9s
TANK 1: V= 74.67 L, C= 0.50, T= 23.00°C
TANK 2: V= 61.68 L, C= 0.53, T= 20.00°C
PUMP P-11:OFF
PUMP P-11:ON
PUMP P12:OFF
PUMP P21:OFF
PUMP P1-1:OFF
PUMP P2-2:OFF
PUMP P-22:OFF
PUMP P-22:ON
VALVE V-11: CLOSED
VALVE V-11: OPEN
VALVE V12: CLOSED
VALVE V21: CLOSED
VALVE V1-1: CLOSED
VALVE V2-2: CLOSED
VALVE V-22: CLOSED
VALVE V-22: OPEN
HEATER1:OFF
HEATER2:OFF

Time: 10s
TANK 1: V= 82.60 L, C= 0.53, T= 23.00°C
TANK 2: V= 64.62 L, C= 0.53, T= 20.00°C
PUMP P-11:ON
PUMP P-11:OFF
PUMP P12:OFF
PUMP P21:OFF
PUMP P1-1:OFF
PUMP P2-2:OFF
PUMP P-22:OFF
PUMP P-22:ON
VALVE V-11: OPEN
VALVE V-11: CLOSED
VALVE V12: CLOSED
VALVE V21: CLOSED
VALVE V1-1: CLOSED
VALVE V2-2: CLOSED
VALVE V-22: CLOSED
VALVE V-22: OPEN
HEATER1:OFF
HEATER2:OFF

Time: 11s
TANK 1: V= 89.52 L, C= 0.51, T= 23.00°C
TANK 2: V= 67.56 L, C= 0.52, T= 20.00°C
PUMP P-11:OFF
PUMP P-11:ON
PUMP P12:OFF
PUMP P21:OFF
PUMP P1-1:OFF
PUMP P2-2:OFF
PUMP P-22:OFF
PUMP P-22:ON
VALVE V-11: CLOSED
VALVE V-11: OPEN
VALVE V12: CLOSED
VALVE V21: CLOSED
VALVE V1-1: CLOSED
VALVE V2-2: CLOSED
VALVE V-22: CLOSED
VALVE V-22: OPEN
HEATER1:OFF
HEATER2:OFF

Time: 12s
TANK 1: V= 97.43 L, C= 0.50, T= 23.00°C
TANK 2: V= 70.49 L, C= 0.52, T= 20.00°C
PUMP P-11:OFF
PUMP P-11:ON
PUMP P12:OFF
PUMP P21:OFF
PUMP P1-1:OFF
PUMP P2-2:OFF
PUMP P-22:OFF
PUMP P-22:ON
VALVE V-11: CLOSED
VALVE V-11: OPEN
VALVE V12: CLOSED
VALVE V21: CLOSED
VALVE V1-1: CLOSED
VALVE V2-2: CLOSED
VALVE V-22: CLOSED
VALVE V-22: OPEN
HEATER1:OFF
HEATER2:OFF

Time: 13s
TANK 1: V= 100.00 L, C= 0.50, T= 23.00°C
TANK 2: V= 73.42 L, C= 0.51, T= 20.00°C
PUMP P-11:OFF
PUMP P-11:OFF
PUMP P12:OFF
PUMP P21:OFF
PUMP P1-1:OFF
PUMP P2-2:OFF
PUMP P-22:OFF
PUMP P-22:ON
VALVE V-11: CLOSED
VALVE V-11: CLOSED
VALVE V12: CLOSED
VALVE V21: CLOSED
VALVE V1-1: CLOSED
VALVE V2-2: CLOSED
VALVE V-22: CLOSED
VALVE V-22: OPEN
HEATER1:OFF
HEATER2:OFF

Time: 14s
TANK 1: V= 99.90 L, C= 0.50, T= 23.00°C
TANK 2: V= 76.35 L, C= 0.51, T= 20.00°C
PUMP P-11:OFF
PUMP P-11:OFF
PUMP P12:OFF
PUMP P21:OFF
PUMP P1-1:OFF
PUMP P2-2:OFF
PUMP P-22:OFF
PUMP P-22:ON
VALVE V-11: CLOSED
VALVE V-11: CLOSED
VALVE V12: CLOSED
VALVE V21: CLOSED
VALVE V1-1: CLOSED
VALVE V2-2: CLOSED
VALVE V-22: CLOSED
VALVE V-22: OPEN
HEATER1:OFF
HEATER2:OFF

Time: 15s
TANK 1: V= 99.80 L, C= 0.50, T= 23.00°C
TANK 2: V= 79.27 L, C= 0.51, T= 20.00°C
PUMP P-11:OFF
PUMP P-11:OFF
PUMP P12:OFF
PUMP P21:OFF
PUMP P1-1:OFF
PUMP P2-2:OFF
PUMP P-22:OFF
PUMP P-22:ON
VALVE V-11: CLOSED
VALVE V-11: CLOSED
VALVE V12: CLOSED
VALVE V21: CLOSED
VALVE V1-1: CLOSED
VALVE V2-2: CLOSED
VALVE V-22: CLOSED
VALVE V-22: OPEN
HEATER1:OFF
HEATER2:OFF

Time: 16s
TANK 1: V= 99.70 L, C= 0.50, T= 23.00°C
TANK 2: V= 80.00 L, C= 0.51, T= 20.00°C
PUMP P-11:OFF
PUMP P-11:OFF
PUMP P12:OFF
PUMP P21:OFF
PUMP P1-1:OFF
PUMP P2-2:OFF
PUMP P-22:OFF
PUMP P-22:OFF
VALVE V-11: CLOSED
VALVE V-11: CLOSED
VALVE V12: CLOSED
VALVE V21: CLOSED
VALVE V1-1: CLOSED
VALVE V2-2: CLOSED
VALVE V-22: CLOSED
VALVE V-22: CLOSED
HEATER1:OFF
HEATER2:OFF

