Time: 0s
TANK 1: V= 0.00 L, C= 0.00
TANK 2: V= 150.00 L, C= 0.50, T= 26.00°C
PUMP P-11:OFF
PUMP P-11:OFF
PUMP P12:OFF
PUMP P21:OFF
PUMP P1-1:OFF
PUMP P2-2:OFF
PUMP P-22:OFF
PUMP P-22:OFF
VALVE V-11: CLOSED
VALVE V-11: CLOSED
VALVE V12: CLOSED
VALVE V21: CLOSED
VALVE V1-1: CLOSED
VALVE V2-2: CLOSED
VALVE V-22: CLOSED
VALVE V-22: CLOSED
HEATER1:OFF
HEATER2:OFF

Time: 1s
TANK 1: V= 20.00 L, C= 0.45, T= 23.00°C
TANK 2: V= 141.85 L, C= 0.50, T= 26.00°C
PUMP P-11:ON
PUMP P-11:ON
PUMP P12:OFF
PUMP P21:OFF
PUMP P1-1:OFF
PUMP P2-2:ON
PUMP P-22:OFF
PUMP P-22:OFF
VALVE V-11: OPEN
VALVE V-11: OPEN
VALVE V12: CLOSED
VALVE V21: CLOSED
VALVE V1-1: CLOSED
VALVE V2-2: OPEN
VALVE V-22: CLOSED
VALVE V-22: CLOSED
HEATER1:OFF
HEATER2:OFF

Time: 2s
TANK 1: V= 39.98 L, C= 0.45, T= 23.00°C
TANK 2: V= 133.71 L, C= 0.50, T= 26.00°C
PUMP P-11:ON
PUMP P-11:ON
PUMP P12:OFF
PUMP P21:OFF
PUMP P1-1:OFF
PUMP P2-2:ON
PUMP P-22:OFF
PUMP P-22:OFF
VALVE V-11: OPEN
VALVE V-11: OPEN
VALVE V12: CLOSED
VALVE V21: CLOSED
VALVE V1-1: CLOSED
VALVE V2-2: OPEN
VALVE V-22: CLOSED
VALVE V-22: CLOSED
HEATER1:OFF
HEATER2:OFF

Time: 3s
TANK 1: V= 59.94 L, C= 0.45, T= 23.00°C
TANK 2: V= 125.57 L, C= 0.50, T= 26.00°C
PUMP P-11:ON
PUMP P-11:ON
PUMP P12:OFF
PUMP P21:OFF
PUMP P1-1:OFF
PUMP P2-2:ON
PUMP P-22:OFF
PUMP P-22:OFF
VALVE V-11: OPEN
VALVE V-11: OPEN
VALVE V12: CLOSED
VALVE V21: CLOSED
VALVE V1-1: CLOSED
VALVE V2-2: OPEN
VALVE V-22: CLOSED
VALVE V-22: CLOSED
HEATER1:OFF
HEATER2:OFF

Time: 4s
TANK 1: V= 79.88 L, C= 0.45, T= 23.00°C
TANK 2: V= 117.45 L, C= 0.50, T= 26.00°C
PUMP P-11:ON
PUMP P-11:ON
PUMP P12:OFF
PUMP P21:OFF
PUMP P1-1:OFF
PUMP P2-2:ON
PUMP P-22:OFF
PUMP P-22:OFF
VALVE V-11: OPEN
VALVE V-11: OPEN
VALVE V12: CLOSED
VALVE V21: CLOSED
VALVE V1-1: CLOSED
VALVE V2-2: OPEN
VALVE V-22: CLOSED
VALVE V-22: CLOSED
HEATER1:OFF
HEATER2:OFF

Time: 5s
TANK 1: V= 99.80 L, C= 0.45, T= 23.00°C
TANK 2: V= 109.33 L, C= 0.50, T= 26.00°C
PUMP P-11:ON
PUMP P-11:ON
PUMP P12:OFF
PUMP P21:OFF
PUMP P1-1:OFF
PUMP P2-2:ON
PUMP P-22:OFF
PUMP P-22:OFF
VALVE V-11: OPEN
VALVE V-11: OPEN
VALVE V12: CLOSED
VALVE V21: CLOSED
VALVE V1-1: CLOSED
VALVE V2-2: OPEN
VALVE V-22: CLOSED
VALVE V-22: CLOSED
HEATER1:OFF
HEATER2:OFF

Time: 6s
TANK 1: V= 100.00 L, C= 0.45, T= 23.00°C
TANK 2: V= 101.22 L, C= 0.50, T= 26.00°C
PUMP P-11:OFF
PUMP P-11:OFF
PUMP P12:OFF
PUMP P21:OFF
PUMP P1-1:OFF
PUMP P2-2:ON
PUMP P-22:OFF
PUMP P-22:OFF
VALVE V-11: CLOSED
VALVE V-11: CLOSED
VALVE V12: CLOSED
VALVE V21: CLOSED
VALVE V1-1: CLOSED
VALVE V2-2: OPEN
VALVE V-22: CLOSED
VALVE V-22: CLOSED
HEATER1:OFF
HEATER2:OFF

Time: 7s
TANK 1: V= 91.90 L, C= 0.45, T= 23.00°C
TANK 2: V= 100.00 L, C= 0.50, T= 26.00°C
PUMP P-11:OFF
PUMP P-11:OFF
PUMP P12:OFF
PUMP P21:OFF
PUMP P1-1:ON
PUMP P2-2:OFF
PUMP P-22:OFF
PUMP P-22:OFF
VALVE V-11: CLOSED
VALVE V-11: CLOSED
VALVE V12: CLOSED
VALVE V21: CLOSED
VALVE V1-1: OPEN
VALVE V2-2: CLOSED
VALVE V-22: CLOSED
VALVE V-22: CLOSED
HEATER1:OFF
HEATER2:OFF

Time: 8s
TANK 1: V= 83.81 L, C= 0.45, T= 23.00°C
TANK 2: V= 91.90 L, C= 0.50, T= 26.00°C
PUMP P-11:OFF
PUMP P-11:OFF
PUMP P12:OFF
PUMP P21:OFF
PUMP P1-1:ON
PUMP P2-2:ON
PUMP P-22:OFF
PUMP P-22:OFF
VALVE V-11: CLOSED
VALVE V-11: CLOSED
VALVE V12: CLOSED
VALVE V21: CLOSED
VALVE V1-1: OPEN
VALVE V2-2: OPEN
VALVE V-22: CLOSED
VALVE V-22: CLOSED
HEATER1:OFF
HEATER2:OFF

Time: 9s
TANK 1: V= 75.72 L, C= 0.45, T= 23.00°C
TANK 2: V= 83.81 L, C= 0.50, T= 26.00°C
PUMP P-11:OFF
PUMP P-11:OFF
PUMP P12:OFF
PUMP P21:OFF
PUMP P1-1:ON
PUMP P2-2:ON
PUMP P-22:OFF
PUMP P-22:OFF
VALVE V-11: CLOSED
VALVE V-11: CLOSED
VALVE V12: CLOSED
VALVE V21: CLOSED
VALVE V1-1: OPEN
VALVE V2-2: OPEN
VALVE V-22: CLOSED
VALVE V-22: CLOSED
HEATER1:OFF
HEATER2:OFF

Time: 10s
TANK 1: V= 67.65 L, C= 0.45, T= 23.00°C
TANK 2: V= 75.72 L, C= 0.50, T= 26.00°C
PUMP P-11:OFF
PUMP P-11:OFF
PUMP P12:OFF
PUMP P21:OFF
PUMP P1-1:ON
PUMP P2-2:ON
PUMP P-22:OFF
PUMP P-22:OFF
VALVE V-11: CLOSED
VALVE V-11: CLOSED
VALVE V12: CLOSED
VALVE V21: CLOSED
VALVE V1-1: OPEN
VALVE V2-2: OPEN
VALVE V-22: CLOSED
VALVE V-22: CLOSED
HEATER1:OFF
HEATER2:OFF

Time: 11s
TANK 1: V= 59.58 L, C= 0.45, T= 23.00°C
TANK 2: V= 67.65 L, C= 0.50, T= 26.00°C
PUMP P-11:OFF
PUMP P-11:OFF
PUMP P12:OFF
PUMP P21:OFF
PUMP P1-1:ON
PUMP P2-2:ON
PUMP P-22:OFF
PUMP P-22:OFF
VALVE V-11: CLOSED
VALVE V-11: CLOSED
VALVE V12: CLOSED
VALVE V21: CLOSED
VALVE V1-1: OPEN
VALVE V2-2: OPEN
VALVE V-22: CLOSED
VALVE V-22: CLOSED
HEATER1:OFF
HEATER2:OFF

Time: 12s
TANK 1: V= 51.52 L, C= 0.45, T= 23.00°C
TANK 2: V= 59.58 L, C= 0.50, T= 26.00°C
PUMP P-11:OFF
PUMP P-11:OFF
PUMP P12:OFF
PUMP P21:OFF
PUMP P1-1:ON
PUMP P2-2:ON
PUMP P-22:OFF
PUMP P-22:OFF
VALVE V-11: CLOSED
VALVE V-11: CLOSED
VALVE V12: CLOSED
VALVE V21: CLOSED
VALVE V1-1: OPEN
VALVE V2-2: OPEN
VALVE V-22: CLOSED
VALVE V-22: CLOSED
HEATER1:OFF
HEATER2:OFF

Time: 13s
TANK 1: V= 43.47 L, C= 0.45, T= 23.00°C
TANK 2: V= 51.52 L, C= 0.50, T= 26.00°C
PUMP P-11:OFF
PUMP P-11:OFF
PUMP P12:OFF
PUMP P21:OFF
PUMP P1-1:ON
PUMP P2-2:ON
PUMP P-22:OFF
PUMP P-22:OFF
VALVE V-11: CLOSED
VALVE V-11: CLOSED
VALVE V12: CLOSED
VALVE V21: CLOSED
VALVE V1-1: OPEN
VALVE V2-2: OPEN
VALVE V-22: CLOSED
VALVE V-22: CLOSED
HEATER1:OFF
HEATER2:OFF

Time: 14s
TANK 1: V= 35.43 L, C= 0.45, T= 23.00°C
TANK 2: V= 43.47 L, C= 0.50, T= 26.00°C
PUMP P-11:OFF
PUMP P-11:OFF
PUMP P12:OFF
PUMP P21:OFF
PUMP P1-1:ON
PUMP P2-2:ON
PUMP P-22:OFF
PUMP P-22:OFF
VALVE V-11: CLOSED
VALVE V-11: CLOSED
VALVE V12: CLOSED
VALVE V21: CLOSED
VALVE V1-1: OPEN
VALVE V2-2: OPEN
VALVE V-22: CLOSED
VALVE V-22: CLOSED
HEATER1:OFF
HEATER2:OFF

Time: 15s
TANK 1: V= 27.39 L, C= 0.45, T= 23.00°C
TANK 2: V= 35.43 L, C= 0.50, T= 26.00°C
PUMP P-11:OFF
PUMP P-11:OFF
PUMP P12:OFF
PUMP P21:OFF
PUMP P1-1:ON
PUMP P2-2:ON
PUMP P-22:OFF
PUMP P-22:OFF
VALVE V-11: CLOSED
VALVE V-11: CLOSED
VALVE V12: CLOSED
VALVE V21: CLOSED
VALVE V1-1: OPEN
VALVE V2-2: OPEN
VALVE V-22: CLOSED
VALVE V-22: CLOSED
HEATER1:OFF
HEATER2:OFF

Time: 16s
TANK 1: V= 19.36 L, C= 0.45, T= 23.00°C
TANK 2: V= 27.39 L, C= 0.50, T= 26.00°C
PUMP P-11:OFF
PUMP P-11:OFF
PUMP P12:OFF
PUMP P21:OFF
PUMP P1-1:ON
PUMP P2-2:ON
PUMP P-22:OFF
PUMP P-22:OFF
VALVE V-11: CLOSED
VALVE V-11: CLOSED
VALVE V12: CLOSED
VALVE V21: CLOSED
VALVE V1-1: OPEN
VALVE V2-2: OPEN
VALVE V-22: CLOSED
VALVE V-22: CLOSED
HEATER1:OFF
HEATER2:OFF

Time: 17s
TANK 1: V= 11.34 L, C= 0.45, T= 23.00°C
TANK 2: V= 19.36 L, C= 0.50, T= 26.00°C
PUMP P-11:OFF
PUMP P-11:OFF
PUMP P12:OFF
PUMP P21:OFF
PUMP P1-1:ON
PUMP P2-2:ON
PUMP P-22:OFF
PUMP P-22:OFF
VALVE V-11: CLOSED
VALVE V-11: CLOSED
VALVE V12: CLOSED
VALVE V21: CLOSED
VALVE V1-1: OPEN
VALVE V2-2: OPEN
VALVE V-22: CLOSED
VALVE V-22: CLOSED
HEATER1:OFF
HEATER2:OFF

Time: 18s
TANK 1: V= 3.33 L, C= 0.45, T= 23.00°C
TANK 2: V= 11.34 L, C= 0.50, T= 26.00°C
PUMP P-11:OFF
PUMP P-11:OFF
PUMP P12:OFF
PUMP P21:OFF
PUMP P1-1:ON
PUMP P2-2:ON
PUMP P-22:OFF
PUMP P-22:OFF
VALVE V-11: CLOSED
VALVE V-11: CLOSED
VALVE V12: CLOSED
VALVE V21: CLOSED
VALVE V1-1: OPEN
VALVE V2-2: OPEN
VALVE V-22: CLOSED
VALVE V-22: CLOSED
HEATER1:OFF
HEATER2:OFF

Time: 19s
TANK 1: V= 0.00 L, C= 0.00
TANK 2: V= 3.33 L, C= 0.50, T= 26.00°C
PUMP P-11:OFF
PUMP P-11:OFF
PUMP P12:OFF
PUMP P21:OFF
PUMP P1-1:OFF
PUMP P2-2:ON
PUMP P-22:OFF
PUMP P-22:OFF
VALVE V-11: CLOSED
VALVE V-11: CLOSED
VALVE V12: CLOSED
VALVE V21: CLOSED
VALVE V1-1: CLOSED
VALVE V2-2: OPEN
VALVE V-22: CLOSED
VALVE V-22: CLOSED
HEATER1:OFF
HEATER2:OFF

Time: 20s
TANK 1: V= 0.00 L, C= 0.00
TANK 2: V= 0.00 L, C= 0.00
PUMP P-11:OFF
PUMP P-11:OFF
PUMP P12:OFF
PUMP P21:OFF
PUMP P1-1:OFF
PUMP P2-2:OFF
PUMP P-22:OFF
PUMP P-22:OFF
VALVE V-11: CLOSED
VALVE V-11: CLOSED
VALVE V12: CLOSED
VALVE V21: CLOSED
VALVE V1-1: CLOSED
VALVE V2-2: CLOSED
VALVE V-22: CLOSED
VALVE V-22: CLOSED
HEATER1:OFF
HEATER2:OFF

