Time: 0s
TANK 1: V= 0.00 L, C= 0.00
TANK 2: V= 0.00 L, C= 0.00
PUMP P-11:OFF
PUMP P-11:OFF
PUMP P12:OFF
PUMP P21:OFF
PUMP P1-1:OFF
PUMP P2-2:OFF
PUMP P-22:OFF
PUMP P-22:OFF
VALVE V-11: CLOSED
VALVE V-11: CLOSED
VALVE V12: CLOSED
VALVE V21: CLOSED
VALVE V1-1: CLOSED
VALVE V2-2: CLOSED
VALVE V-22: CLOSED
VALVE V-22: CLOSED
HEATER1:OFF
HEATER2:OFF

Time: 1s
TANK 1: V= 0.00 L, C= 0.00
TANK 2: V= 20.00 L, C= 0.55, T= 23.00°C
PUMP P-11:OFF
PUMP P-11:OFF
PUMP P12:OFF
PUMP P21:OFF
PUMP P1-1:OFF
PUMP P2-2:OFF
PUMP P-22:ON
PUMP P-22:ON
VALVE V-11: CLOSED
VALVE V-11: CLOSED
VALVE V12: CLOSED
VALVE V21: CLOSED
VALVE V1-1: CLOSED
VALVE V2-2: CLOSED
VALVE V-22: OPEN
VALVE V-22: OPEN
HEATER1:OFF
HEATER2:OFF

Time: 2s
TANK 1: V= 0.00 L, C= 0.00
TANK 2: V= 39.98 L, C= 0.55, T= 23.00°C
PUMP P-11:OFF
PUMP P-11:OFF
PUMP P12:OFF
PUMP P21:OFF
PUMP P1-1:OFF
PUMP P2-2:OFF
PUMP P-22:ON
PUMP P-22:ON
VALVE V-11: CLOSED
VALVE V-11: CLOSED
VALVE V12: CLOSED
VALVE V21: CLOSED
VALVE V1-1: CLOSED
VALVE V2-2: CLOSED
VALVE V-22: OPEN
VALVE V-22: OPEN
HEATER1:OFF
HEATER2:OFF

Time: 3s
TANK 1: V= 0.00 L, C= 0.00
TANK 2: V= 59.94 L, C= 0.55, T= 23.00°C
PUMP P-11:OFF
PUMP P-11:OFF
PUMP P12:OFF
PUMP P21:OFF
PUMP P1-1:OFF
PUMP P2-2:OFF
PUMP P-22:ON
PUMP P-22:ON
VALVE V-11: CLOSED
VALVE V-11: CLOSED
VALVE V12: CLOSED
VALVE V21: CLOSED
VALVE V1-1: CLOSED
VALVE V2-2: CLOSED
VALVE V-22: OPEN
VALVE V-22: OPEN
HEATER1:OFF
HEATER2:OFF

Time: 4s
TANK 1: V= 0.00 L, C= 0.00
TANK 2: V= 79.88 L, C= 0.55, T= 23.00°C
PUMP P-11:OFF
PUMP P-11:OFF
PUMP P12:OFF
PUMP P21:OFF
PUMP P1-1:OFF
PUMP P2-2:OFF
PUMP P-22:ON
PUMP P-22:ON
VALVE V-11: CLOSED
VALVE V-11: CLOSED
VALVE V12: CLOSED
VALVE V21: CLOSED
VALVE V1-1: CLOSED
VALVE V2-2: CLOSED
VALVE V-22: OPEN
VALVE V-22: OPEN
HEATER1:OFF
HEATER2:OFF

Time: 5s
TANK 1: V= 0.00 L, C= 0.00
TANK 2: V= 99.80 L, C= 0.55, T= 23.00°C
PUMP P-11:OFF
PUMP P-11:OFF
PUMP P12:OFF
PUMP P21:OFF
PUMP P1-1:OFF
PUMP P2-2:OFF
PUMP P-22:ON
PUMP P-22:ON
VALVE V-11: CLOSED
VALVE V-11: CLOSED
VALVE V12: CLOSED
VALVE V21: CLOSED
VALVE V1-1: CLOSED
VALVE V2-2: CLOSED
VALVE V-22: OPEN
VALVE V-22: OPEN
HEATER1:OFF
HEATER2:OFF

Time: 6s
TANK 1: V= 0.00 L, C= 0.00
TANK 2: V= 119.70 L, C= 0.55, T= 23.00°C
PUMP P-11:OFF
PUMP P-11:OFF
PUMP P12:OFF
PUMP P21:OFF
PUMP P1-1:OFF
PUMP P2-2:OFF
PUMP P-22:ON
PUMP P-22:ON
VALVE V-11: CLOSED
VALVE V-11: CLOSED
VALVE V12: CLOSED
VALVE V21: CLOSED
VALVE V1-1: CLOSED
VALVE V2-2: CLOSED
VALVE V-22: OPEN
VALVE V-22: OPEN
HEATER1:OFF
HEATER2:OFF

Time: 7s
TANK 1: V= 0.00 L, C= 0.00
TANK 2: V= 139.58 L, C= 0.55, T= 23.00°C
PUMP P-11:OFF
PUMP P-11:OFF
PUMP P12:OFF
PUMP P21:OFF
PUMP P1-1:OFF
PUMP P2-2:OFF
PUMP P-22:ON
PUMP P-22:ON
VALVE V-11: CLOSED
VALVE V-11: CLOSED
VALVE V12: CLOSED
VALVE V21: CLOSED
VALVE V1-1: CLOSED
VALVE V2-2: CLOSED
VALVE V-22: OPEN
VALVE V-22: OPEN
HEATER1:OFF
HEATER2:OFF

Time: 8s
TANK 1: V= 0.00 L, C= 0.00
TANK 2: V= 150.00 L, C= 0.51, T= 23.00°C
PUMP P-11:OFF
PUMP P-11:OFF
PUMP P12:OFF
PUMP P21:OFF
PUMP P1-1:OFF
PUMP P2-2:OFF
PUMP P-22:OFF
PUMP P-22:OFF
VALVE V-11: CLOSED
VALVE V-11: CLOSED
VALVE V12: CLOSED
VALVE V21: CLOSED
VALVE V1-1: CLOSED
VALVE V2-2: CLOSED
VALVE V-22: CLOSED
VALVE V-22: CLOSED
HEATER1:OFF
HEATER2:OFF

Time: 9s
TANK 1: V= 3.00 L, C= 0.51, T= 23.00°C
TANK 2: V= 146.85 L, C= 0.51, T= 23.00°C
PUMP P-11:OFF
PUMP P-11:OFF
PUMP P12:OFF
PUMP P21:ON
PUMP P1-1:OFF
PUMP P2-2:OFF
PUMP P-22:OFF
PUMP P-22:OFF
VALVE V-11: CLOSED
VALVE V-11: CLOSED
VALVE V12: CLOSED
VALVE V21: OPEN
VALVE V1-1: CLOSED
VALVE V2-2: CLOSED
VALVE V-22: CLOSED
VALVE V-22: CLOSED
HEATER1:OFF
HEATER2:OFF

Time: 10s
TANK 1: V= 6.00 L, C= 0.51, T= 23.00°C
TANK 2: V= 143.70 L, C= 0.51, T= 23.00°C
PUMP P-11:OFF
PUMP P-11:OFF
PUMP P12:OFF
PUMP P21:ON
PUMP P1-1:OFF
PUMP P2-2:OFF
PUMP P-22:OFF
PUMP P-22:OFF
VALVE V-11: CLOSED
VALVE V-11: CLOSED
VALVE V12: CLOSED
VALVE V21: OPEN
VALVE V1-1: CLOSED
VALVE V2-2: CLOSED
VALVE V-22: CLOSED
VALVE V-22: CLOSED
HEATER1:OFF
HEATER2:OFF

Time: 11s
TANK 1: V= 8.99 L, C= 0.51, T= 23.00°C
TANK 2: V= 140.56 L, C= 0.51, T= 23.00°C
PUMP P-11:OFF
PUMP P-11:OFF
PUMP P12:OFF
PUMP P21:ON
PUMP P1-1:OFF
PUMP P2-2:OFF
PUMP P-22:OFF
PUMP P-22:OFF
VALVE V-11: CLOSED
VALVE V-11: CLOSED
VALVE V12: CLOSED
VALVE V21: OPEN
VALVE V1-1: CLOSED
VALVE V2-2: CLOSED
VALVE V-22: CLOSED
VALVE V-22: CLOSED
HEATER1:OFF
HEATER2:OFF

Time: 12s
TANK 1: V= 11.98 L, C= 0.51, T= 23.00°C
TANK 2: V= 137.42 L, C= 0.51, T= 23.00°C
PUMP P-11:OFF
PUMP P-11:OFF
PUMP P12:OFF
PUMP P21:ON
PUMP P1-1:OFF
PUMP P2-2:OFF
PUMP P-22:OFF
PUMP P-22:OFF
VALVE V-11: CLOSED
VALVE V-11: CLOSED
VALVE V12: CLOSED
VALVE V21: OPEN
VALVE V1-1: CLOSED
VALVE V2-2: CLOSED
VALVE V-22: CLOSED
VALVE V-22: CLOSED
HEATER1:OFF
HEATER2:OFF

Time: 13s
TANK 1: V= 14.97 L, C= 0.51, T= 23.00°C
TANK 2: V= 134.28 L, C= 0.51, T= 23.00°C
PUMP P-11:OFF
PUMP P-11:OFF
PUMP P12:OFF
PUMP P21:ON
PUMP P1-1:OFF
PUMP P2-2:OFF
PUMP P-22:OFF
PUMP P-22:OFF
VALVE V-11: CLOSED
VALVE V-11: CLOSED
VALVE V12: CLOSED
VALVE V21: OPEN
VALVE V1-1: CLOSED
VALVE V2-2: CLOSED
VALVE V-22: CLOSED
VALVE V-22: CLOSED
HEATER1:OFF
HEATER2:OFF

Time: 14s
TANK 1: V= 17.96 L, C= 0.51, T= 23.00°C
TANK 2: V= 131.15 L, C= 0.51, T= 23.00°C
PUMP P-11:OFF
PUMP P-11:OFF
PUMP P12:OFF
PUMP P21:ON
PUMP P1-1:OFF
PUMP P2-2:OFF
PUMP P-22:OFF
PUMP P-22:OFF
VALVE V-11: CLOSED
VALVE V-11: CLOSED
VALVE V12: CLOSED
VALVE V21: OPEN
VALVE V1-1: CLOSED
VALVE V2-2: CLOSED
VALVE V-22: CLOSED
VALVE V-22: CLOSED
HEATER1:OFF
HEATER2:OFF

Time: 15s
TANK 1: V= 20.94 L, C= 0.51, T= 23.00°C
TANK 2: V= 128.02 L, C= 0.51, T= 23.00°C
PUMP P-11:OFF
PUMP P-11:OFF
PUMP P12:OFF
PUMP P21:ON
PUMP P1-1:OFF
PUMP P2-2:OFF
PUMP P-22:OFF
PUMP P-22:OFF
VALVE V-11: CLOSED
VALVE V-11: CLOSED
VALVE V12: CLOSED
VALVE V21: OPEN
VALVE V1-1: CLOSED
VALVE V2-2: CLOSED
VALVE V-22: CLOSED
VALVE V-22: CLOSED
HEATER1:OFF
HEATER2:OFF

Time: 16s
TANK 1: V= 23.92 L, C= 0.52, T= 23.00°C
TANK 2: V= 124.89 L, C= 0.51, T= 23.00°C
PUMP P-11:OFF
PUMP P-11:OFF
PUMP P12:OFF
PUMP P21:ON
PUMP P1-1:OFF
PUMP P2-2:OFF
PUMP P-22:OFF
PUMP P-22:OFF
VALVE V-11: CLOSED
VALVE V-11: CLOSED
VALVE V12: CLOSED
VALVE V21: OPEN
VALVE V1-1: CLOSED
VALVE V2-2: CLOSED
VALVE V-22: CLOSED
VALVE V-22: CLOSED
HEATER1:OFF
HEATER2:OFF

Time: 17s
TANK 1: V= 26.89 L, C= 0.52, T= 23.00°C
TANK 2: V= 121.76 L, C= 0.51, T= 23.00°C
PUMP P-11:OFF
PUMP P-11:OFF
PUMP P12:OFF
PUMP P21:ON
PUMP P1-1:OFF
PUMP P2-2:OFF
PUMP P-22:OFF
PUMP P-22:OFF
VALVE V-11: CLOSED
VALVE V-11: CLOSED
VALVE V12: CLOSED
VALVE V21: OPEN
VALVE V1-1: CLOSED
VALVE V2-2: CLOSED
VALVE V-22: CLOSED
VALVE V-22: CLOSED
HEATER1:OFF
HEATER2:OFF

Time: 18s
TANK 1: V= 29.87 L, C= 0.52, T= 23.00°C
TANK 2: V= 118.64 L, C= 0.51, T= 23.00°C
PUMP P-11:OFF
PUMP P-11:OFF
PUMP P12:OFF
PUMP P21:ON
PUMP P1-1:OFF
PUMP P2-2:OFF
PUMP P-22:OFF
PUMP P-22:OFF
VALVE V-11: CLOSED
VALVE V-11: CLOSED
VALVE V12: CLOSED
VALVE V21: OPEN
VALVE V1-1: CLOSED
VALVE V2-2: CLOSED
VALVE V-22: CLOSED
VALVE V-22: CLOSED
HEATER1:OFF
HEATER2:OFF

Time: 19s
TANK 1: V= 32.84 L, C= 0.52, T= 23.00°C
TANK 2: V= 115.52 L, C= 0.51, T= 23.00°C
PUMP P-11:OFF
PUMP P-11:OFF
PUMP P12:OFF
PUMP P21:ON
PUMP P1-1:OFF
PUMP P2-2:OFF
PUMP P-22:OFF
PUMP P-22:OFF
VALVE V-11: CLOSED
VALVE V-11: CLOSED
VALVE V12: CLOSED
VALVE V21: OPEN
VALVE V1-1: CLOSED
VALVE V2-2: CLOSED
VALVE V-22: CLOSED
VALVE V-22: CLOSED
HEATER1:OFF
HEATER2:OFF

Time: 20s
TANK 1: V= 35.80 L, C= 0.52, T= 23.00°C
TANK 2: V= 112.41 L, C= 0.51, T= 23.00°C
PUMP P-11:OFF
PUMP P-11:OFF
PUMP P12:OFF
PUMP P21:ON
PUMP P1-1:OFF
PUMP P2-2:OFF
PUMP P-22:OFF
PUMP P-22:OFF
VALVE V-11: CLOSED
VALVE V-11: CLOSED
VALVE V12: CLOSED
VALVE V21: OPEN
VALVE V1-1: CLOSED
VALVE V2-2: CLOSED
VALVE V-22: CLOSED
VALVE V-22: CLOSED
HEATER1:OFF
HEATER2:OFF

Time: 21s
TANK 1: V= 38.77 L, C= 0.52, T= 23.00°C
TANK 2: V= 109.29 L, C= 0.51, T= 23.00°C
PUMP P-11:OFF
PUMP P-11:OFF
PUMP P12:OFF
PUMP P21:ON
PUMP P1-1:OFF
PUMP P2-2:OFF
PUMP P-22:OFF
PUMP P-22:OFF
VALVE V-11: CLOSED
VALVE V-11: CLOSED
VALVE V12: CLOSED
VALVE V21: OPEN
VALVE V1-1: CLOSED
VALVE V2-2: CLOSED
VALVE V-22: CLOSED
VALVE V-22: CLOSED
HEATER1:OFF
HEATER2:OFF

Time: 22s
TANK 1: V= 41.73 L, C= 0.52, T= 23.00°C
TANK 2: V= 106.19 L, C= 0.51, T= 23.00°C
PUMP P-11:OFF
PUMP P-11:OFF
PUMP P12:OFF
PUMP P21:ON
PUMP P1-1:OFF
PUMP P2-2:OFF
PUMP P-22:OFF
PUMP P-22:OFF
VALVE V-11: CLOSED
VALVE V-11: CLOSED
VALVE V12: CLOSED
VALVE V21: OPEN
VALVE V1-1: CLOSED
VALVE V2-2: CLOSED
VALVE V-22: CLOSED
VALVE V-22: CLOSED
HEATER1:OFF
HEATER2:OFF

Time: 23s
TANK 1: V= 44.69 L, C= 0.52, T= 23.00°C
TANK 2: V= 103.08 L, C= 0.51, T= 23.00°C
PUMP P-11:OFF
PUMP P-11:OFF
PUMP P12:OFF
PUMP P21:ON
PUMP P1-1:OFF
PUMP P2-2:OFF
PUMP P-22:OFF
PUMP P-22:OFF
VALVE V-11: CLOSED
VALVE V-11: CLOSED
VALVE V12: CLOSED
VALVE V21: OPEN
VALVE V1-1: CLOSED
VALVE V2-2: CLOSED
VALVE V-22: CLOSED
VALVE V-22: CLOSED
HEATER1:OFF
HEATER2:OFF

Time: 24s
TANK 1: V= 47.64 L, C= 0.52, T= 23.00°C
TANK 2: V= 99.98 L, C= 0.51, T= 23.00°C
PUMP P-11:OFF
PUMP P-11:OFF
PUMP P12:OFF
PUMP P21:ON
PUMP P1-1:OFF
PUMP P2-2:OFF
PUMP P-22:OFF
PUMP P-22:OFF
VALVE V-11: CLOSED
VALVE V-11: CLOSED
VALVE V12: CLOSED
VALVE V21: OPEN
VALVE V1-1: CLOSED
VALVE V2-2: CLOSED
VALVE V-22: CLOSED
VALVE V-22: CLOSED
HEATER1:OFF
HEATER2:OFF

Time: 25s
TANK 1: V= 50.59 L, C= 0.52, T= 23.00°C
TANK 2: V= 96.88 L, C= 0.51, T= 23.00°C
PUMP P-11:OFF
PUMP P-11:OFF
PUMP P12:OFF
PUMP P21:ON
PUMP P1-1:OFF
PUMP P2-2:OFF
PUMP P-22:OFF
PUMP P-22:OFF
VALVE V-11: CLOSED
VALVE V-11: CLOSED
VALVE V12: CLOSED
VALVE V21: OPEN
VALVE V1-1: CLOSED
VALVE V2-2: CLOSED
VALVE V-22: CLOSED
VALVE V-22: CLOSED
HEATER1:OFF
HEATER2:OFF

Time: 26s
TANK 1: V= 53.54 L, C= 0.52, T= 23.00°C
TANK 2: V= 93.78 L, C= 0.51, T= 23.00°C
PUMP P-11:OFF
PUMP P-11:OFF
PUMP P12:OFF
PUMP P21:ON
PUMP P1-1:OFF
PUMP P2-2:OFF
PUMP P-22:OFF
PUMP P-22:OFF
VALVE V-11: CLOSED
VALVE V-11: CLOSED
VALVE V12: CLOSED
VALVE V21: OPEN
VALVE V1-1: CLOSED
VALVE V2-2: CLOSED
VALVE V-22: CLOSED
VALVE V-22: CLOSED
HEATER1:OFF
HEATER2:OFF

Time: 27s
TANK 1: V= 56.49 L, C= 0.52, T= 23.00°C
TANK 2: V= 90.69 L, C= 0.51, T= 23.00°C
PUMP P-11:OFF
PUMP P-11:OFF
PUMP P12:OFF
PUMP P21:ON
PUMP P1-1:OFF
PUMP P2-2:OFF
PUMP P-22:OFF
PUMP P-22:OFF
VALVE V-11: CLOSED
VALVE V-11: CLOSED
VALVE V12: CLOSED
VALVE V21: OPEN
VALVE V1-1: CLOSED
VALVE V2-2: CLOSED
VALVE V-22: CLOSED
VALVE V-22: CLOSED
HEATER1:OFF
HEATER2:OFF

Time: 28s
TANK 1: V= 59.43 L, C= 0.52, T= 23.00°C
TANK 2: V= 87.59 L, C= 0.51, T= 23.00°C
PUMP P-11:OFF
PUMP P-11:OFF
PUMP P12:OFF
PUMP P21:ON
PUMP P1-1:OFF
PUMP P2-2:OFF
PUMP P-22:OFF
PUMP P-22:OFF
VALVE V-11: CLOSED
VALVE V-11: CLOSED
VALVE V12: CLOSED
VALVE V21: OPEN
VALVE V1-1: CLOSED
VALVE V2-2: CLOSED
VALVE V-22: CLOSED
VALVE V-22: CLOSED
HEATER1:OFF
HEATER2:OFF

Time: 29s
TANK 1: V= 62.37 L, C= 0.52, T= 23.00°C
TANK 2: V= 84.51 L, C= 0.51, T= 23.00°C
PUMP P-11:OFF
PUMP P-11:OFF
PUMP P12:OFF
PUMP P21:ON
PUMP P1-1:OFF
PUMP P2-2:OFF
PUMP P-22:OFF
PUMP P-22:OFF
VALVE V-11: CLOSED
VALVE V-11: CLOSED
VALVE V12: CLOSED
VALVE V21: OPEN
VALVE V1-1: CLOSED
VALVE V2-2: CLOSED
VALVE V-22: CLOSED
VALVE V-22: CLOSED
HEATER1:OFF
HEATER2:OFF

Time: 30s
TANK 1: V= 65.31 L, C= 0.52, T= 23.00°C
TANK 2: V= 81.42 L, C= 0.51, T= 23.00°C
PUMP P-11:OFF
PUMP P-11:OFF
PUMP P12:OFF
PUMP P21:ON
PUMP P1-1:OFF
PUMP P2-2:OFF
PUMP P-22:OFF
PUMP P-22:OFF
VALVE V-11: CLOSED
VALVE V-11: CLOSED
VALVE V12: CLOSED
VALVE V21: OPEN
VALVE V1-1: CLOSED
VALVE V2-2: CLOSED
VALVE V-22: CLOSED
VALVE V-22: CLOSED
HEATER1:OFF
HEATER2:OFF

Time: 31s
TANK 1: V= 68.25 L, C= 0.52, T= 23.00°C
TANK 2: V= 78.34 L, C= 0.51, T= 23.00°C
PUMP P-11:OFF
PUMP P-11:OFF
PUMP P12:OFF
PUMP P21:ON
PUMP P1-1:OFF
PUMP P2-2:OFF
PUMP P-22:OFF
PUMP P-22:OFF
VALVE V-11: CLOSED
VALVE V-11: CLOSED
VALVE V12: CLOSED
VALVE V21: OPEN
VALVE V1-1: CLOSED
VALVE V2-2: CLOSED
VALVE V-22: CLOSED
VALVE V-22: CLOSED
HEATER1:OFF
HEATER2:OFF

Time: 32s
TANK 1: V= 71.18 L, C= 0.52, T= 23.00°C
TANK 2: V= 75.26 L, C= 0.51, T= 23.00°C
PUMP P-11:OFF
PUMP P-11:OFF
PUMP P12:OFF
PUMP P21:ON
PUMP P1-1:OFF
PUMP P2-2:OFF
PUMP P-22:OFF
PUMP P-22:OFF
VALVE V-11: CLOSED
VALVE V-11: CLOSED
VALVE V12: CLOSED
VALVE V21: OPEN
VALVE V1-1: CLOSED
VALVE V2-2: CLOSED
VALVE V-22: CLOSED
VALVE V-22: CLOSED
HEATER1:OFF
HEATER2:OFF

Time: 33s
TANK 1: V= 71.11 L, C= 0.52, T= 23.00°C
TANK 2: V= 75.19 L, C= 0.51, T= 23.00°C
PUMP P-11:OFF
PUMP P-11:OFF
PUMP P12:OFF
PUMP P21:OFF
PUMP P1-1:OFF
PUMP P2-2:OFF
PUMP P-22:OFF
PUMP P-22:OFF
VALVE V-11: CLOSED
VALVE V-11: CLOSED
VALVE V12: CLOSED
VALVE V21: CLOSED
VALVE V1-1: CLOSED
VALVE V2-2: CLOSED
VALVE V-22: CLOSED
VALVE V-22: CLOSED
HEATER1:OFF
HEATER2:OFF

Time: 34s
TANK 1: V= 63.04 L, C= 0.52, T= 23.00°C
TANK 2: V= 67.11 L, C= 0.51, T= 23.00°C
PUMP P-11:OFF
PUMP P-11:OFF
PUMP P12:OFF
PUMP P21:OFF
PUMP P1-1:ON
PUMP P2-2:ON
PUMP P-22:OFF
PUMP P-22:OFF
VALVE V-11: CLOSED
VALVE V-11: CLOSED
VALVE V12: CLOSED
VALVE V21: CLOSED
VALVE V1-1: OPEN
VALVE V2-2: OPEN
VALVE V-22: CLOSED
VALVE V-22: CLOSED
HEATER1:OFF
HEATER2:OFF

Time: 35s
TANK 1: V= 54.97 L, C= 0.52, T= 23.00°C
TANK 2: V= 59.05 L, C= 0.51, T= 23.00°C
PUMP P-11:OFF
PUMP P-11:OFF
PUMP P12:OFF
PUMP P21:OFF
PUMP P1-1:ON
PUMP P2-2:ON
PUMP P-22:OFF
PUMP P-22:OFF
VALVE V-11: CLOSED
VALVE V-11: CLOSED
VALVE V12: CLOSED
VALVE V21: CLOSED
VALVE V1-1: OPEN
VALVE V2-2: OPEN
VALVE V-22: CLOSED
VALVE V-22: CLOSED
HEATER1:OFF
HEATER2:OFF

Time: 36s
TANK 1: V= 46.92 L, C= 0.52, T= 23.00°C
TANK 2: V= 50.99 L, C= 0.51, T= 23.00°C
PUMP P-11:OFF
PUMP P-11:OFF
PUMP P12:OFF
PUMP P21:OFF
PUMP P1-1:ON
PUMP P2-2:ON
PUMP P-22:OFF
PUMP P-22:OFF
VALVE V-11: CLOSED
VALVE V-11: CLOSED
VALVE V12: CLOSED
VALVE V21: CLOSED
VALVE V1-1: OPEN
VALVE V2-2: OPEN
VALVE V-22: CLOSED
VALVE V-22: CLOSED
HEATER1:OFF
HEATER2:OFF

Time: 37s
TANK 1: V= 38.87 L, C= 0.52, T= 23.00°C
TANK 2: V= 42.94 L, C= 0.51, T= 23.00°C
PUMP P-11:OFF
PUMP P-11:OFF
PUMP P12:OFF
PUMP P21:OFF
PUMP P1-1:ON
PUMP P2-2:ON
PUMP P-22:OFF
PUMP P-22:OFF
VALVE V-11: CLOSED
VALVE V-11: CLOSED
VALVE V12: CLOSED
VALVE V21: CLOSED
VALVE V1-1: OPEN
VALVE V2-2: OPEN
VALVE V-22: CLOSED
VALVE V-22: CLOSED
HEATER1:OFF
HEATER2:OFF

Time: 38s
TANK 1: V= 30.83 L, C= 0.52, T= 23.00°C
TANK 2: V= 34.89 L, C= 0.51, T= 23.00°C
PUMP P-11:OFF
PUMP P-11:OFF
PUMP P12:OFF
PUMP P21:OFF
PUMP P1-1:ON
PUMP P2-2:ON
PUMP P-22:OFF
PUMP P-22:OFF
VALVE V-11: CLOSED
VALVE V-11: CLOSED
VALVE V12: CLOSED
VALVE V21: CLOSED
VALVE V1-1: OPEN
VALVE V2-2: OPEN
VALVE V-22: CLOSED
VALVE V-22: CLOSED
HEATER1:OFF
HEATER2:OFF

Time: 39s
TANK 1: V= 22.80 L, C= 0.52, T= 23.00°C
TANK 2: V= 26.86 L, C= 0.51, T= 23.00°C
PUMP P-11:OFF
PUMP P-11:OFF
PUMP P12:OFF
PUMP P21:OFF
PUMP P1-1:ON
PUMP P2-2:ON
PUMP P-22:OFF
PUMP P-22:OFF
VALVE V-11: CLOSED
VALVE V-11: CLOSED
VALVE V12: CLOSED
VALVE V21: CLOSED
VALVE V1-1: OPEN
VALVE V2-2: OPEN
VALVE V-22: CLOSED
VALVE V-22: CLOSED
HEATER1:OFF
HEATER2:OFF

Time: 40s
TANK 1: V= 14.78 L, C= 0.52, T= 23.00°C
TANK 2: V= 18.83 L, C= 0.51, T= 23.00°C
PUMP P-11:OFF
PUMP P-11:OFF
PUMP P12:OFF
PUMP P21:OFF
PUMP P1-1:ON
PUMP P2-2:ON
PUMP P-22:OFF
PUMP P-22:OFF
VALVE V-11: CLOSED
VALVE V-11: CLOSED
VALVE V12: CLOSED
VALVE V21: CLOSED
VALVE V1-1: OPEN
VALVE V2-2: OPEN
VALVE V-22: CLOSED
VALVE V-22: CLOSED
HEATER1:OFF
HEATER2:OFF

Time: 41s
TANK 1: V= 6.76 L, C= 0.52, T= 23.00°C
TANK 2: V= 10.81 L, C= 0.51, T= 23.00°C
PUMP P-11:OFF
PUMP P-11:OFF
PUMP P12:OFF
PUMP P21:OFF
PUMP P1-1:ON
PUMP P2-2:ON
PUMP P-22:OFF
PUMP P-22:OFF
VALVE V-11: CLOSED
VALVE V-11: CLOSED
VALVE V12: CLOSED
VALVE V21: CLOSED
VALVE V1-1: OPEN
VALVE V2-2: OPEN
VALVE V-22: CLOSED
VALVE V-22: CLOSED
HEATER1:OFF
HEATER2:OFF

Time: 42s
TANK 1: V= 0.00 L, C= 0.00
TANK 2: V= 2.80 L, C= 0.51, T= 23.00°C
PUMP P-11:OFF
PUMP P-11:OFF
PUMP P12:OFF
PUMP P21:OFF
PUMP P1-1:OFF
PUMP P2-2:ON
PUMP P-22:OFF
PUMP P-22:OFF
VALVE V-11: CLOSED
VALVE V-11: CLOSED
VALVE V12: CLOSED
VALVE V21: CLOSED
VALVE V1-1: CLOSED
VALVE V2-2: OPEN
VALVE V-22: CLOSED
VALVE V-22: CLOSED
HEATER1:OFF
HEATER2:OFF

Time: 43s
TANK 1: V= 0.00 L, C= 0.00
TANK 2: V= 0.00 L, C= 0.00
PUMP P-11:OFF
PUMP P-11:OFF
PUMP P12:OFF
PUMP P21:OFF
PUMP P1-1:OFF
PUMP P2-2:OFF
PUMP P-22:OFF
PUMP P-22:OFF
VALVE V-11: CLOSED
VALVE V-11: CLOSED
VALVE V12: CLOSED
VALVE V21: CLOSED
VALVE V1-1: CLOSED
VALVE V2-2: CLOSED
VALVE V-22: CLOSED
VALVE V-22: CLOSED
HEATER1:OFF
HEATER2:OFF

